###############################################################################
#
# IAR ELF Linker V9.60.3.422/W64 for ARM                  29/Apr/2025  21:37:43
# Copyright 2007-2024 IAR Systems AB.
#
#    Output file  =  C:\WorkSpace\PY25Q64HA\EWARM\PY25Q64HA\Exe\PY25Q64HA.out
#    Map file     =  C:\WorkSpace\PY25Q64HA\EWARM\PY25Q64HA\List\PY25Q64HA.map
#    Command line =
#        -f C:\WorkSpace\PY25Q64HA\EWARM\PY25Q64HA\Exe\PY25Q64HA.out.rsp
#        (C:\WorkSpace\PY25Q64HA\EWARM\PY25Q64HA\Obj\Core_13247989168731456611.dir\main.o
#        C:\WorkSpace\PY25Q64HA\EWARM\PY25Q64HA\Obj\Core_13247989168731456611.dir\py25q64ha.o
#        C:\WorkSpace\PY25Q64HA\EWARM\PY25Q64HA\Obj\EWARM_18443280873093131863.dir\startup_stm32u375xx.o
#        C:\WorkSpace\PY25Q64HA\EWARM\PY25Q64HA\Obj\STM32U3xx_HAL_Driver_10217621924548668335.dir\stm32u3xx_hal.o
#        C:\WorkSpace\PY25Q64HA\EWARM\PY25Q64HA\Obj\STM32U3xx_HAL_Driver_10217621924548668335.dir\stm32u3xx_hal_cortex.o
#        C:\WorkSpace\PY25Q64HA\EWARM\PY25Q64HA\Obj\STM32U3xx_HAL_Driver_10217621924548668335.dir\stm32u3xx_hal_dma.o
#        C:\WorkSpace\PY25Q64HA\EWARM\PY25Q64HA\Obj\STM32U3xx_HAL_Driver_10217621924548668335.dir\stm32u3xx_hal_dma_ex.o
#        C:\WorkSpace\PY25Q64HA\EWARM\PY25Q64HA\Obj\STM32U3xx_HAL_Driver_10217621924548668335.dir\stm32u3xx_hal_exti.o
#        C:\WorkSpace\PY25Q64HA\EWARM\PY25Q64HA\Obj\STM32U3xx_HAL_Driver_10217621924548668335.dir\stm32u3xx_hal_flash.o
#        C:\WorkSpace\PY25Q64HA\EWARM\PY25Q64HA\Obj\STM32U3xx_HAL_Driver_10217621924548668335.dir\stm32u3xx_hal_flash_ex.o
#        C:\WorkSpace\PY25Q64HA\EWARM\PY25Q64HA\Obj\STM32U3xx_HAL_Driver_10217621924548668335.dir\stm32u3xx_hal_gpio.o
#        C:\WorkSpace\PY25Q64HA\EWARM\PY25Q64HA\Obj\STM32U3xx_HAL_Driver_10217621924548668335.dir\stm32u3xx_hal_gtzc.o
#        C:\WorkSpace\PY25Q64HA\EWARM\PY25Q64HA\Obj\STM32U3xx_HAL_Driver_10217621924548668335.dir\stm32u3xx_hal_icache.o
#        C:\WorkSpace\PY25Q64HA\EWARM\PY25Q64HA\Obj\Core_13247989168731456611.dir\stm32u3xx_hal_msp.o
#        C:\WorkSpace\PY25Q64HA\EWARM\PY25Q64HA\Obj\STM32U3xx_HAL_Driver_10217621924548668335.dir\stm32u3xx_hal_pwr.o
#        C:\WorkSpace\PY25Q64HA\EWARM\PY25Q64HA\Obj\STM32U3xx_HAL_Driver_10217621924548668335.dir\stm32u3xx_hal_pwr_ex.o
#        C:\WorkSpace\PY25Q64HA\EWARM\PY25Q64HA\Obj\STM32U3xx_HAL_Driver_10217621924548668335.dir\stm32u3xx_hal_rcc.o
#        C:\WorkSpace\PY25Q64HA\EWARM\PY25Q64HA\Obj\STM32U3xx_HAL_Driver_10217621924548668335.dir\stm32u3xx_hal_rcc_ex.o
#        C:\WorkSpace\PY25Q64HA\EWARM\PY25Q64HA\Obj\STM32U3xx_HAL_Driver_10217621924548668335.dir\stm32u3xx_hal_tim.o
#        C:\WorkSpace\PY25Q64HA\EWARM\PY25Q64HA\Obj\STM32U3xx_HAL_Driver_10217621924548668335.dir\stm32u3xx_hal_tim_ex.o
#        C:\WorkSpace\PY25Q64HA\EWARM\PY25Q64HA\Obj\STM32U3xx_HAL_Driver_10217621924548668335.dir\stm32u3xx_hal_xspi.o
#        C:\WorkSpace\PY25Q64HA\EWARM\PY25Q64HA\Obj\Core_13247989168731456611.dir\stm32u3xx_it.o
#        C:\WorkSpace\PY25Q64HA\EWARM\PY25Q64HA\Obj\STM32U3xx_HAL_Driver_10217621924548668335.dir\stm32u3xx_ll_dlyb.o
#        C:\WorkSpace\PY25Q64HA\EWARM\PY25Q64HA\Obj\CMSIS_6603591812247902717.dir\system_stm32u3xx.o
#        --cpu=Cortex-M33.no_dsp.no_se --fpu=VFPv5_sp --redirect
#        _Printf=_PrintfFullNoMb --redirect _Scanf=_ScanfFullNoMb
#        --no_out_extension -o
#        C:\WorkSpace\PY25Q64HA\EWARM\PY25Q64HA\Exe\PY25Q64HA.out --map
#        C:\WorkSpace\PY25Q64HA\EWARM\PY25Q64HA\List\PY25Q64HA.map --config
#        C:\WorkSpace\PY25Q64HA\EWARM/stm32u375xx_sram.icf --semihosting
#        --entry __iar_program_start --vfe --text_out locale) --dependencies=n
#        C:\WorkSpace\PY25Q64HA\EWARM\PY25Q64HA\Exe\PY25Q64HA.out.iar_deps
#
###############################################################################

*******************************************************************************
*** RUNTIME MODEL ATTRIBUTES
***

CppFlavor       = *
__CPP_Runtime   = 1
__SystemLibrary = DLib
__dlib_version  = 6


*******************************************************************************
*** HEAP SELECTION
***

The basic heap was selected because --advanced_heap
was not specified and the application did not appear to
be primarily optimized for speed.


*******************************************************************************
*** PLACEMENT SUMMARY
***

"A0":  place at address 0xa00'0000 { ro section .intvec };
"P1":  place in [from 0xa00'0000 to 0xa02'ffff] { ro };
define block CSTACK with size = 1K, alignment = 8 { };
define block HEAP with size = 512, alignment = 8 { };
"P2":  place in [from 0x2003'0000 to 0x2003'ffff] {
          rw, block CSTACK, block HEAP };
initialize by copy { rw };

  Section            Kind         Address  Alignment    Size  Object
  -------            ----         -------  ---------    ----  ------
"A0":                                                  0x234
  .intvec            ro code   0xa00'0000          4   0x234  startup_stm32u375xx.o [3]
                             - 0xa00'0234              0x234

"P1":                                                 0x278f
  .text              ro code   0xa00'0234          4   0x888  stm32u3xx_hal_xspi.o [4]
  .text              ro code   0xa00'0abc          4   0x2a0  main.o [2]
  .text              ro code   0xa00'0d5c          4   0x150  stm32u3xx_hal_msp.o [2]
  .text              ro code   0xa00'0eac          4    0x10  system_stm32u3xx.o [1]
  .text              ro code   0xa00'0ebc          4   0x82c  py25q64ha.o [2]
  .text              ro code   0xa00'16e8          4    0x28  stm32u3xx_hal.o [4]
  .text              ro code   0xa00'1710          4    0x14  stm32u3xx_hal_icache.o [4]
  .text              ro code   0xa00'1724          4    0x66  ABImemset.o [7]
  .text              ro code   0xa00'178a          2    0x7e  lz77_init_single.o [7]
  .text              ro code   0xa00'1808          4   0x398  stm32u3xx_hal_rcc_ex.o [4]
  .text              ro code   0xa00'1ba0          4    0x84  stm32u3xx_hal_pwr_ex.o [4]
  .text              ro code   0xa00'1c24          4   0x718  stm32u3xx_hal_rcc.o [4]
  .text              ro code   0xa00'233c          4   0x380  stm32u3xx_hal_gpio.o [4]
  .text              ro code   0xa00'26bc          2    0x38  zero_init3.o [7]
  .text              ro code   0xa00'26f4          4    0x28  data_init.o [7]
  .text              ro code   0xa00'271c          4    0x22  fpinit_M.o [6]
  .iar.init_table    const     0xa00'2740          4    0x20  - Linker created -
  .text              ro code   0xa00'2760          4    0x1e  cmain.o [7]
  .text              ro code   0xa00'277e          2     0x4  low_level_init.o [5]
  .text              ro code   0xa00'2782          2     0x4  exit.o [5]
  .text              ro code   0xa00'2788          4     0xa  cexit.o [7]
  .text              ro code   0xa00'2794          4    0x14  exit.o [8]
  .text              ro code   0xa00'27a8          4    0x1c  cstartup_M.o [7]
  .text              ro code   0xa00'27c4          4    0x18  stm32u3xx_hal.o [4]
  .text              ro code   0xa00'27dc          2    0x18  stm32u3xx_it.o [2]
  .rodata            const     0xa00'27f4          4    0x10  system_stm32u3xx.o [1]
  .text              ro code   0xa00'2804          4    0x10  startup_stm32u375xx.o [3]
  .text              ro code   0xa00'2814          2     0x4  startup_stm32u375xx.o [3]
  .text              ro code   0xa00'2818          2     0x4  startup_stm32u375xx.o [3]
  .text              ro code   0xa00'281c          2     0x4  startup_stm32u375xx.o [3]
  .text              ro code   0xa00'2820          2     0x4  startup_stm32u375xx.o [3]
  .text              ro code   0xa00'2824          2     0x4  startup_stm32u375xx.o [3]
  .text              ro code   0xa00'2828          2     0x4  startup_stm32u375xx.o [3]
  .text              ro code   0xa00'282c          2     0x4  startup_stm32u375xx.o [3]
  .text              ro code   0xa00'2830          2     0x4  startup_stm32u375xx.o [3]
  .text              ro code   0xa00'2834          2     0x4  startup_stm32u375xx.o [3]
  .text              ro code   0xa00'2838          2     0x4  startup_stm32u375xx.o [3]
  .text              ro code   0xa00'283c          2     0x4  startup_stm32u375xx.o [3]
  .text              ro code   0xa00'2840          2     0x4  startup_stm32u375xx.o [3]
  .text              ro code   0xa00'2844          2     0x4  startup_stm32u375xx.o [3]
  .text              ro code   0xa00'2848          2     0x4  startup_stm32u375xx.o [3]
  .text              ro code   0xa00'284c          2     0x4  startup_stm32u375xx.o [3]
  .text              ro code   0xa00'2850          2     0x4  startup_stm32u375xx.o [3]
  .text              ro code   0xa00'2854          2     0x4  startup_stm32u375xx.o [3]
  .text              ro code   0xa00'2858          2     0x4  startup_stm32u375xx.o [3]
  .text              ro code   0xa00'285c          2     0x4  startup_stm32u375xx.o [3]
  .text              ro code   0xa00'2860          2     0x4  startup_stm32u375xx.o [3]
  .text              ro code   0xa00'2864          2     0x4  startup_stm32u375xx.o [3]
  .text              ro code   0xa00'2868          2     0x4  startup_stm32u375xx.o [3]
  .text              ro code   0xa00'286c          2     0x4  startup_stm32u375xx.o [3]
  .text              ro code   0xa00'2870          2     0x4  startup_stm32u375xx.o [3]
  .text              ro code   0xa00'2874          2     0x4  startup_stm32u375xx.o [3]
  .text              ro code   0xa00'2878          2     0x4  startup_stm32u375xx.o [3]
  .text              ro code   0xa00'287c          2     0x4  startup_stm32u375xx.o [3]
  .text              ro code   0xa00'2880          2     0x4  startup_stm32u375xx.o [3]
  .text              ro code   0xa00'2884          2     0x4  startup_stm32u375xx.o [3]
  .text              ro code   0xa00'2888          2     0x4  startup_stm32u375xx.o [3]
  .text              ro code   0xa00'288c          2     0x4  startup_stm32u375xx.o [3]
  .text              ro code   0xa00'2890          2     0x4  startup_stm32u375xx.o [3]
  .text              ro code   0xa00'2894          2     0x4  startup_stm32u375xx.o [3]
  .text              ro code   0xa00'2898          2     0x4  startup_stm32u375xx.o [3]
  .text              ro code   0xa00'289c          2     0x4  startup_stm32u375xx.o [3]
  .text              ro code   0xa00'28a0          2     0x4  startup_stm32u375xx.o [3]
  .text              ro code   0xa00'28a4          2     0x4  startup_stm32u375xx.o [3]
  .text              ro code   0xa00'28a8          2     0x4  startup_stm32u375xx.o [3]
  .text              ro code   0xa00'28ac          2     0x4  startup_stm32u375xx.o [3]
  .text              ro code   0xa00'28b0          2     0x4  startup_stm32u375xx.o [3]
  .text              ro code   0xa00'28b4          2     0x4  startup_stm32u375xx.o [3]
  .text              ro code   0xa00'28b8          2     0x4  startup_stm32u375xx.o [3]
  .text              ro code   0xa00'28bc          2     0x4  startup_stm32u375xx.o [3]
  .text              ro code   0xa00'28c0          2     0x4  startup_stm32u375xx.o [3]
  .text              ro code   0xa00'28c4          2     0x4  startup_stm32u375xx.o [3]
  .text              ro code   0xa00'28c8          2     0x4  startup_stm32u375xx.o [3]
  .text              ro code   0xa00'28cc          2     0x4  startup_stm32u375xx.o [3]
  .text              ro code   0xa00'28d0          2     0x4  startup_stm32u375xx.o [3]
  .text              ro code   0xa00'28d4          2     0x4  startup_stm32u375xx.o [3]
  .text              ro code   0xa00'28d8          2     0x4  startup_stm32u375xx.o [3]
  .text              ro code   0xa00'28dc          2     0x4  startup_stm32u375xx.o [3]
  .text              ro code   0xa00'28e0          2     0x4  startup_stm32u375xx.o [3]
  .text              ro code   0xa00'28e4          2     0x4  startup_stm32u375xx.o [3]
  .text              ro code   0xa00'28e8          2     0x4  startup_stm32u375xx.o [3]
  .text              ro code   0xa00'28ec          2     0x4  startup_stm32u375xx.o [3]
  .text              ro code   0xa00'28f0          2     0x4  startup_stm32u375xx.o [3]
  .text              ro code   0xa00'28f4          2     0x4  startup_stm32u375xx.o [3]
  .text              ro code   0xa00'28f8          2     0x4  startup_stm32u375xx.o [3]
  .text              ro code   0xa00'28fc          2     0x4  startup_stm32u375xx.o [3]
  .text              ro code   0xa00'2900          2     0x4  startup_stm32u375xx.o [3]
  .text              ro code   0xa00'2904          2     0x4  startup_stm32u375xx.o [3]
  .text              ro code   0xa00'2908          2     0x4  startup_stm32u375xx.o [3]
  .text              ro code   0xa00'290c          2     0x4  startup_stm32u375xx.o [3]
  .text              ro code   0xa00'2910          2     0x4  startup_stm32u375xx.o [3]
  .text              ro code   0xa00'2914          2     0x4  startup_stm32u375xx.o [3]
  .text              ro code   0xa00'2918          2     0x4  startup_stm32u375xx.o [3]
  .text              ro code   0xa00'291c          2     0x4  startup_stm32u375xx.o [3]
  .text              ro code   0xa00'2920          2     0x4  startup_stm32u375xx.o [3]
  .text              ro code   0xa00'2924          2     0x4  startup_stm32u375xx.o [3]
  .text              ro code   0xa00'2928          2     0x4  startup_stm32u375xx.o [3]
  .text              ro code   0xa00'292c          2     0x4  startup_stm32u375xx.o [3]
  .text              ro code   0xa00'2930          2     0x4  startup_stm32u375xx.o [3]
  .text              ro code   0xa00'2934          2     0x4  startup_stm32u375xx.o [3]
  .text              ro code   0xa00'2938          2     0x4  startup_stm32u375xx.o [3]
  .text              ro code   0xa00'293c          2     0x4  startup_stm32u375xx.o [3]
  .text              ro code   0xa00'2940          2     0x4  startup_stm32u375xx.o [3]
  .text              ro code   0xa00'2944          2     0x4  startup_stm32u375xx.o [3]
  .text              ro code   0xa00'2948          2     0x4  startup_stm32u375xx.o [3]
  .text              ro code   0xa00'294c          2     0x4  startup_stm32u375xx.o [3]
  .text              ro code   0xa00'2950          2     0x4  startup_stm32u375xx.o [3]
  .text              ro code   0xa00'2954          2     0x4  startup_stm32u375xx.o [3]
  .text              ro code   0xa00'2958          2     0x4  startup_stm32u375xx.o [3]
  .text              ro code   0xa00'295c          2     0x4  startup_stm32u375xx.o [3]
  .text              ro code   0xa00'2960          2     0x4  startup_stm32u375xx.o [3]
  .text              ro code   0xa00'2964          2     0x4  startup_stm32u375xx.o [3]
  .text              ro code   0xa00'2968          2     0x4  startup_stm32u375xx.o [3]
  .text              ro code   0xa00'296c          2     0x4  startup_stm32u375xx.o [3]
  .text              ro code   0xa00'2970          2     0x4  startup_stm32u375xx.o [3]
  .text              ro code   0xa00'2974          2     0x4  startup_stm32u375xx.o [3]
  .text              ro code   0xa00'2978          2     0x4  startup_stm32u375xx.o [3]
  .text              ro code   0xa00'297c          2     0x4  startup_stm32u375xx.o [3]
  .text              ro code   0xa00'2980          2     0x4  startup_stm32u375xx.o [3]
  .text              ro code   0xa00'2984          2     0x4  startup_stm32u375xx.o [3]
  .text              ro code   0xa00'2988          2     0x4  startup_stm32u375xx.o [3]
  .rodata            const     0xa00'298c                0x0  zero_init3.o [7]
  .rodata            const     0xa00'298c                0x0  lz77_init_single.o [7]
  Initializer bytes  const     0xa00'298c               0x37  <for P2-1>
                             - 0xa00'29c3             0x278f

"P2", part 1 of 3:                                     0x109
  P2-1                        0x2003'0000              0x109  <Init block>
    .data            inited   0x2003'0000          4   0x100  main.o [2]
    .data            inited   0x2003'0100          4     0x4  stm32u3xx_hal.o [4]
    .data            inited   0x2003'0104          4     0x4  system_stm32u3xx.o [1]
    .data            inited   0x2003'0108                0x1  stm32u3xx_hal.o [4]
                            - 0x2003'0109              0x109

"P2", part 2 of 3:                                      0x64
  .bss               zero     0x2003'010c          4    0x60  main.o [2]
  .bss               zero     0x2003'016c          4     0x4  stm32u3xx_hal.o [4]
                            - 0x2003'0170               0x64

"P2", part 3 of 3:                                     0x400
  CSTACK                      0x2003'0170          8   0x400  <Block>
    CSTACK           uninit   0x2003'0170              0x400  <Block tail>
                            - 0x2003'0570              0x400

Unused ranges:

         From           To      Size
         ----           --      ----
   0xa00'29c3   0xa02'ffff  0x2'd63d
  0x2003'0109  0x2003'010b       0x3
  0x2003'0570  0x2003'ffff    0xfa90


*******************************************************************************
*** INIT TABLE
***

          Address      Size
          -------      ----
Zero (__iar_zero_init3)
    1 destination range, total size 0x64:
          0x2003'010c   0x64

Copy/lz77 (__iar_lz77_init_single3)
    1 source range, total size 0x37 (20% of destination):
           0xa00'298c   0x37
    1 destination range, total size 0x109:
          0x2003'0000  0x109



*******************************************************************************
*** MODULE SUMMARY
***

    Module                  ro code  ro data  rw data
    ------                  -------  -------  -------
command line/config:
    -------------------------------------------------
    Total:

C:\WorkSpace\PY25Q64HA\EWARM\PY25Q64HA\Obj\CMSIS_6603591812247902717.dir: [1]
    system_stm32u3xx.o           16       17        4
    -------------------------------------------------
    Total:                       16       17        4

C:\WorkSpace\PY25Q64HA\EWARM\PY25Q64HA\Obj\Core_13247989168731456611.dir: [2]
    main.o                      672       53      352
    py25q64ha.o               2'092
    stm32u3xx_hal_msp.o         336
    stm32u3xx_it.o               24
    -------------------------------------------------
    Total:                    3'124       53      352

C:\WorkSpace\PY25Q64HA\EWARM\PY25Q64HA\Obj\EWARM_18443280873093131863.dir: [3]
    startup_stm32u375xx.o       956
    -------------------------------------------------
    Total:                      956

C:\WorkSpace\PY25Q64HA\EWARM\PY25Q64HA\Obj\STM32U3xx_HAL_Driver_10217621924548668335.dir: [4]
    stm32u3xx_hal.o              64        1        9
    stm32u3xx_hal_gpio.o        896
    stm32u3xx_hal_icache.o       20
    stm32u3xx_hal_pwr_ex.o      132
    stm32u3xx_hal_rcc.o       1'816
    stm32u3xx_hal_rcc_ex.o      920
    stm32u3xx_hal_xspi.o      2'184
    -------------------------------------------------
    Total:                    6'032        1        9

dl7M_tln.a: [5]
    exit.o                        4
    low_level_init.o              4
    -------------------------------------------------
    Total:                        8

m7M_tls.a: [6]
    fpinit_M.o                   34
    -------------------------------------------------
    Total:                       34

rt7M_tl.a: [7]
    ABImemset.o                 102
    cexit.o                      10
    cmain.o                      30
    cstartup_M.o                 28
    data_init.o                  40
    lz77_init_single.o          126
    zero_init3.o                 56
    -------------------------------------------------
    Total:                      392

shb_l.a: [8]
    exit.o                       20
    -------------------------------------------------
    Total:                       20

    Gaps                          4        2
    Linker created                        32    1'024
-----------------------------------------------------
    Grand Total:             10'586      105    1'389


*******************************************************************************
*** ENTRY LIST
***

Entry                       Address   Size  Type      Object
-----                       -------   ----  ----      ------
.iar.init_table$$Base    0xa00'2740          --   Gb  - Linker created -
.iar.init_table$$Limit   0xa00'2760          --   Gb  - Linker created -
?main                    0xa00'2761         Code  Gb  cmain.o [7]
ADC1_IRQHandler          0xa00'28a9         Code  Wk  startup_stm32u375xx.o [3]
ADC2_IRQHandler          0xa00'2981         Code  Wk  startup_stm32u375xx.o [3]
ADF1_IRQHandler          0xa00'297d         Code  Wk  startup_stm32u375xx.o [3]
AHBPrescTable            0xa00'27f4   0x10  Data  Gb  system_stm32u3xx.o [1]
BusFault_Handler         0xa00'27e3    0x2  Code  Gb  stm32u3xx_it.o [2]
COMP_IRQHandler          0xa00'2925         Code  Wk  startup_stm32u375xx.o [3]
CRS_IRQHandler           0xa00'292d         Code  Wk  startup_stm32u375xx.o [3]
CSTACK$$Base            0x2003'0170          --   Gb  - Linker created -
CSTACK$$Limit           0x2003'0570          --   Gb  - Linker created -
DAC1_IRQHandler          0xa00'28ad         Code  Wk  startup_stm32u375xx.o [3]
DebugMon_Handler         0xa00'27e9    0x2  Code  Gb  stm32u3xx_it.o [2]
EXTI0_IRQHandler         0xa00'2845         Code  Wk  startup_stm32u375xx.o [3]
EXTI10_IRQHandler        0xa00'286d         Code  Wk  startup_stm32u375xx.o [3]
EXTI11_IRQHandler        0xa00'2871         Code  Wk  startup_stm32u375xx.o [3]
EXTI12_IRQHandler        0xa00'2875         Code  Wk  startup_stm32u375xx.o [3]
EXTI13_IRQHandler        0xa00'2879         Code  Wk  startup_stm32u375xx.o [3]
EXTI14_IRQHandler        0xa00'287d         Code  Wk  startup_stm32u375xx.o [3]
EXTI15_IRQHandler        0xa00'2881         Code  Wk  startup_stm32u375xx.o [3]
EXTI1_IRQHandler         0xa00'2849         Code  Wk  startup_stm32u375xx.o [3]
EXTI2_IRQHandler         0xa00'284d         Code  Wk  startup_stm32u375xx.o [3]
EXTI3_IRQHandler         0xa00'2851         Code  Wk  startup_stm32u375xx.o [3]
EXTI4_IRQHandler         0xa00'2855         Code  Wk  startup_stm32u375xx.o [3]
EXTI5_IRQHandler         0xa00'2859         Code  Wk  startup_stm32u375xx.o [3]
EXTI6_IRQHandler         0xa00'285d         Code  Wk  startup_stm32u375xx.o [3]
EXTI7_IRQHandler         0xa00'2861         Code  Wk  startup_stm32u375xx.o [3]
EXTI8_IRQHandler         0xa00'2865         Code  Wk  startup_stm32u375xx.o [3]
EXTI9_IRQHandler         0xa00'2869         Code  Wk  startup_stm32u375xx.o [3]
Error_Handler            0xa00'0d59    0x4  Code  Gb  main.o [2]
FDCAN1_IT0_IRQHandler    0xa00'28b1         Code  Wk  startup_stm32u375xx.o [3]
FDCAN1_IT1_IRQHandler    0xa00'28b5         Code  Wk  startup_stm32u375xx.o [3]
FLASH_IRQHandler         0xa00'2831         Code  Wk  startup_stm32u375xx.o [3]
FLASH_S_IRQHandler       0xa00'2835         Code  Wk  startup_stm32u375xx.o [3]
FPU_IRQHandler           0xa00'295d         Code  Wk  startup_stm32u375xx.o [3]
GPDMA1_Channel0_IRQHandler
                         0xa00'2889         Code  Wk  startup_stm32u375xx.o [3]
GPDMA1_Channel10_IRQHandler
                         0xa00'2941         Code  Wk  startup_stm32u375xx.o [3]
GPDMA1_Channel11_IRQHandler
                         0xa00'2945         Code  Wk  startup_stm32u375xx.o [3]
GPDMA1_Channel1_IRQHandler
                         0xa00'288d         Code  Wk  startup_stm32u375xx.o [3]
GPDMA1_Channel2_IRQHandler
                         0xa00'2891         Code  Wk  startup_stm32u375xx.o [3]
GPDMA1_Channel3_IRQHandler
                         0xa00'2895         Code  Wk  startup_stm32u375xx.o [3]
GPDMA1_Channel4_IRQHandler
                         0xa00'2899         Code  Wk  startup_stm32u375xx.o [3]
GPDMA1_Channel5_IRQHandler
                         0xa00'289d         Code  Wk  startup_stm32u375xx.o [3]
GPDMA1_Channel6_IRQHandler
                         0xa00'28a1         Code  Wk  startup_stm32u375xx.o [3]
GPDMA1_Channel7_IRQHandler
                         0xa00'28a5         Code  Wk  startup_stm32u375xx.o [3]
GPDMA1_Channel8_IRQHandler
                         0xa00'2939         Code  Wk  startup_stm32u375xx.o [3]
GPDMA1_Channel9_IRQHandler
                         0xa00'293d         Code  Wk  startup_stm32u375xx.o [3]
GTZC_IRQHandler          0xa00'2839         Code  Wk  startup_stm32u375xx.o [3]
HAL_Delay                0xa00'16e9   0x28  Code  Wk  stm32u3xx_hal.o [4]
HAL_GPIO_DeInit          0xa00'250f  0x17e  Code  Gb  stm32u3xx_hal_gpio.o [4]
HAL_GPIO_Init            0xa00'233d  0x1d2  Code  Gb  stm32u3xx_hal_gpio.o [4]
HAL_GetTick              0xa00'0ae3   0x1c  Code  Gb  main.o [2]
HAL_ICACHE_Enable        0xa00'1711    0xe  Code  Gb  stm32u3xx_hal_icache.o [4]
HAL_IncTick              0xa00'27c5   0x18  Code  Wk  stm32u3xx_hal.o [4]
HAL_InitTick             0xa00'0abd   0x26  Code  Gb  main.o [2]
HAL_PWREx_ControlVoltageScaling
                         0xa00'1ba1   0x46  Code  Gb  stm32u3xx_hal_pwr_ex.o [4]
HAL_PWREx_EnableEpodBooster
                         0xa00'1be7   0x32  Code  Gb  stm32u3xx_hal_pwr_ex.o [4]
HAL_RCCEx_EpodBoosterClkConfig
                         0xa00'1b31   0x4a  Code  Gb  stm32u3xx_hal_rcc_ex.o [4]
HAL_RCCEx_PeriphCLKConfig
                         0xa00'1809  0x328  Code  Gb  stm32u3xx_hal_rcc_ex.o [4]
HAL_RCC_ClockConfig      0xa00'2163  0x158  Code  Gb  stm32u3xx_hal_rcc.o [4]
HAL_RCC_GetSysClockFreq
                         0xa00'22bb   0x3e  Code  Gb  stm32u3xx_hal_rcc.o [4]
HAL_RCC_OscConfig        0xa00'1c25  0x53e  Code  Gb  stm32u3xx_hal_rcc.o [4]
HAL_XSPI_AutoPolling     0xa00'0653   0xce  Code  Gb  stm32u3xx_hal_xspi.o [4]
HAL_XSPI_Command         0xa00'0385   0xfe  Code  Gb  stm32u3xx_hal_xspi.o [4]
HAL_XSPI_Init            0xa00'0235  0x148  Code  Gb  stm32u3xx_hal_xspi.o [4]
HAL_XSPI_MemoryMapped    0xa00'0721   0x70  Code  Gb  stm32u3xx_hal_xspi.o [4]
HAL_XSPI_MspDeInit       0xa00'0e5f   0x34  Code  Gb  stm32u3xx_hal_msp.o [2]
HAL_XSPI_MspInit         0xa00'0d5d  0x102  Code  Gb  stm32u3xx_hal_msp.o [2]
HAL_XSPI_Receive         0xa00'0535  0x11e  Code  Gb  stm32u3xx_hal_xspi.o [4]
HAL_XSPI_SetTimeout      0xa00'0793    0x8  Code  Gb  stm32u3xx_hal_xspi.o [4]
HAL_XSPI_Transmit        0xa00'0483   0xb2  Code  Gb  stm32u3xx_hal_xspi.o [4]
HASH_IRQHandler          0xa00'2961         Code  Wk  startup_stm32u375xx.o [3]
HardFault_Handler        0xa00'27df    0x2  Code  Gb  stm32u3xx_it.o [2]
I2C1_ER_IRQHandler       0xa00'28e9         Code  Wk  startup_stm32u375xx.o [3]
I2C1_EV_IRQHandler       0xa00'28e5         Code  Wk  startup_stm32u375xx.o [3]
I2C2_ER_IRQHandler       0xa00'28f1         Code  Wk  startup_stm32u375xx.o [3]
I2C2_EV_IRQHandler       0xa00'28ed         Code  Wk  startup_stm32u375xx.o [3]
I2C3_ER_IRQHandler       0xa00'294d         Code  Wk  startup_stm32u375xx.o [3]
I2C3_EV_IRQHandler       0xa00'2949         Code  Wk  startup_stm32u375xx.o [3]
I3C1_ER_IRQHandler       0xa00'28e1         Code  Wk  startup_stm32u375xx.o [3]
I3C1_EV_IRQHandler       0xa00'28dd         Code  Wk  startup_stm32u375xx.o [3]
I3C2_ER_IRQHandler       0xa00'2971         Code  Wk  startup_stm32u375xx.o [3]
I3C2_EV_IRQHandler       0xa00'296d         Code  Wk  startup_stm32u375xx.o [3]
ICACHE_IRQHandler        0xa00'2975         Code  Wk  startup_stm32u375xx.o [3]
IWDG_IRQHandler          0xa00'2885         Code  Wk  startup_stm32u375xx.o [3]
Init                     0xa00'0aff   0x46  Code  Gb  main.o [2]
LPTIM1_IRQHandler        0xa00'2911         Code  Wk  startup_stm32u375xx.o [3]
LPTIM2_IRQHandler        0xa00'2915         Code  Wk  startup_stm32u375xx.o [3]
LPTIM3_IRQHandler        0xa00'2965         Code  Wk  startup_stm32u375xx.o [3]
LPTIM4_IRQHandler        0xa00'2979         Code  Wk  startup_stm32u375xx.o [3]
LPUART1_IRQHandler       0xa00'290d         Code  Wk  startup_stm32u375xx.o [3]
MX_GPIO_Init             0xa00'0bfd   0x3e  Code  Lc  main.o [2]
MX_ICACHE_Init           0xa00'0b9b   0x10  Code  Lc  main.o [2]
MX_OCTOSPI1_Init         0xa00'0bab   0x52  Code  Gb  main.o [2]
MemManage_Handler        0xa00'27e1    0x2  Code  Gb  stm32u3xx_it.o [2]
NMI_Handler              0xa00'27dd    0x2  Code  Gb  stm32u3xx_it.o [2]
OCTOSPI1_IRQHandler      0xa00'2931         Code  Wk  startup_stm32u375xx.o [3]
PVD_PVM_IRQHandler       0xa00'281d         Code  Wk  startup_stm32u375xx.o [3]
PWR_IRQHandler           0xa00'2985         Code  Wk  startup_stm32u375xx.o [3]
PWR_S_IRQHandler         0xa00'2989         Code  Wk  startup_stm32u375xx.o [3]
PY25Q64_AutoPollingMemReady
                         0xa00'1519   0x84  Code  Gb  py25q64ha.o [2]
PY25Q64_Delay            0xa00'16b7   0x22  Code  Lc  py25q64ha.o [2]
PY25Q64_Init             0xa00'0ebd   0x4e  Code  Gb  py25q64ha.o [2]
PY25Q64_QPIDisable       0xa00'13f7   0x4a  Code  Gb  py25q64ha.o [2]
PY25Q64_QPIEnable        0xa00'13ad   0x4a  Code  Gb  py25q64ha.o [2]
PY25Q64_QPI_AutoPollingMemReady
                         0xa00'1175   0x86  Code  Gb  py25q64ha.o [2]
PY25Q64_QPI_BlockErase   0xa00'0fd5   0x84  Code  Gb  py25q64ha.o [2]
PY25Q64_QPI_MemoryMappedMode
                         0xa00'0f0b   0xca  Code  Gb  py25q64ha.o [2]
PY25Q64_QPI_ReadStatus0Register
                         0xa00'110d   0x68  Code  Gb  py25q64ha.o [2]
PY25Q64_QPI_WriteEnable
                         0xa00'1059   0xb4  Code  Gb  py25q64ha.o [2]
PY25Q64_QuadModeEnable   0xa00'1363   0x4a  Code  Gb  py25q64ha.o [2]
PY25Q64_ReadID           0xa00'1635   0x82  Code  Gb  py25q64ha.o [2]
PY25Q64_ReadStatus1Register
                         0xa00'1441   0x66  Code  Gb  py25q64ha.o [2]
PY25Q64_ResetMemory      0xa00'159d   0x98  Code  Gb  py25q64ha.o [2]
PY25Q64_WriteDisable     0xa00'12af   0xb4  Code  Gb  py25q64ha.o [2]
PY25Q64_WriteEnable      0xa00'11fb   0xb4  Code  Gb  py25q64ha.o [2]
PY25Q64_WriteStatus1Register
                         0xa00'14a7   0x72  Code  Gb  py25q64ha.o [2]
PendSV_Handler           0xa00'27eb    0x2  Code  Gb  stm32u3xx_it.o [2]
RAMCFG_IRQHandler        0xa00'282d         Code  Wk  startup_stm32u375xx.o [3]
RCC_IRQHandler           0xa00'283d         Code  Wk  startup_stm32u375xx.o [3]
RCC_S_IRQHandler         0xa00'2841         Code  Wk  startup_stm32u375xx.o [3]
RNG_IRQHandler           0xa00'2959         Code  Wk  startup_stm32u375xx.o [3]
RTC_IRQHandler           0xa00'2821         Code  Wk  startup_stm32u375xx.o [3]
RTC_S_IRQHandler         0xa00'2825         Code  Wk  startup_stm32u375xx.o [3]
Region$$Table$$Base      0xa00'2740          --   Gb  - Linker created -
Region$$Table$$Limit     0xa00'2760          --   Gb  - Linker created -
Reset_Handler            0xa00'2805         Code  Wk  startup_stm32u375xx.o [3]
SAI1_IRQHandler          0xa00'2951         Code  Wk  startup_stm32u375xx.o [3]
SDMMC1_IRQHandler        0xa00'2935         Code  Wk  startup_stm32u375xx.o [3]
SPI1_IRQHandler          0xa00'28f5         Code  Wk  startup_stm32u375xx.o [3]
SPI2_IRQHandler          0xa00'28f9         Code  Wk  startup_stm32u375xx.o [3]
SPI3_IRQHandler          0xa00'2969         Code  Wk  startup_stm32u375xx.o [3]
SVC_Handler              0xa00'27e7    0x2  Code  Gb  stm32u3xx_it.o [2]
SecureFault_Handler      0xa00'2815         Code  Wk  startup_stm32u375xx.o [3]
SysTick_Handler          0xa00'27ed    0x8  Code  Gb  stm32u3xx_it.o [2]
SystemClockInit          0xa00'0c3b   0xea  Code  Gb  main.o [2]
SystemCoreClock         0x2003'0104    0x4  Data  Gb  system_stm32u3xx.o [1]
SystemInit               0xa00'0ead    0xc  Code  Gb  system_stm32u3xx.o [1]
TAMP_IRQHandler          0xa00'2829         Code  Wk  startup_stm32u375xx.o [3]
TIM15_IRQHandler         0xa00'2919         Code  Wk  startup_stm32u375xx.o [3]
TIM16_IRQHandler         0xa00'291d         Code  Wk  startup_stm32u375xx.o [3]
TIM17_IRQHandler         0xa00'2921         Code  Wk  startup_stm32u375xx.o [3]
TIM1_BRK_TERR_IERR_IRQHandler
                         0xa00'28b9         Code  Wk  startup_stm32u375xx.o [3]
TIM1_CC_IRQHandler       0xa00'28c5         Code  Wk  startup_stm32u375xx.o [3]
TIM1_TRG_COM_DIR_IDX_IRQHandler
                         0xa00'28c1         Code  Wk  startup_stm32u375xx.o [3]
TIM1_UP_IRQHandler       0xa00'28bd         Code  Wk  startup_stm32u375xx.o [3]
TIM2_IRQHandler          0xa00'28c9         Code  Wk  startup_stm32u375xx.o [3]
TIM3_IRQHandler          0xa00'28cd         Code  Wk  startup_stm32u375xx.o [3]
TIM4_IRQHandler          0xa00'28d1         Code  Wk  startup_stm32u375xx.o [3]
TIM6_IRQHandler          0xa00'28d5         Code  Wk  startup_stm32u375xx.o [3]
TIM7_IRQHandler          0xa00'28d9         Code  Wk  startup_stm32u375xx.o [3]
TSC_IRQHandler           0xa00'2955         Code  Wk  startup_stm32u375xx.o [3]
UART4_IRQHandler         0xa00'2905         Code  Wk  startup_stm32u375xx.o [3]
UART5_IRQHandler         0xa00'2909         Code  Wk  startup_stm32u375xx.o [3]
USART1_IRQHandler        0xa00'28fd         Code  Wk  startup_stm32u375xx.o [3]
USART3_IRQHandler        0xa00'2901         Code  Wk  startup_stm32u375xx.o [3]
USB_FS_IRQHandler        0xa00'2929         Code  Wk  startup_stm32u375xx.o [3]
UsageFault_Handler       0xa00'27e5    0x2  Code  Gb  stm32u3xx_it.o [2]
WWDG_IRQHandler          0xa00'2819         Code  Wk  startup_stm32u375xx.o [3]
XSPI_ConfigCmd           0xa00'07eb  0x2be  Code  Lc  stm32u3xx_hal_xspi.o [4]
XSPI_WaitFlagStateUntilTimeout
                         0xa00'079b   0x50  Code  Lc  stm32u3xx_hal_xspi.o [4]
__Vectors                0xa00'0000          --   Gb  startup_stm32u375xx.o [3]
__Vectors_End            0xa00'0234         Data  Gb  startup_stm32u375xx.o [3]
__Vectors_Size {Abs}          0x234          --   Gb  startup_stm32u375xx.o [3]
__aeabi_memset           0xa00'1725         Code  Gb  ABImemset.o [7]
__cmain                  0xa00'2761         Code  Gb  cmain.o [7]
__exit                   0xa00'2795   0x14  Code  Gb  exit.o [8]
__iar_Memset             0xa00'1725         Code  Gb  ABImemset.o [7]
__iar_Memset_word        0xa00'172d         Code  Gb  ABImemset.o [7]
__iar_data_init3         0xa00'26f5   0x28  Code  Gb  data_init.o [7]
__iar_init_vfp           0xa00'271d         Code  Gb  fpinit_M.o [6]
__iar_lz77_init_single3
                         0xa00'178b   0x7e  Code  Gb  lz77_init_single.o [7]
__iar_program_start      0xa00'27a9         Code  Gb  cstartup_M.o [7]
__iar_zero_init3         0xa00'26bd   0x38  Code  Gb  zero_init3.o [7]
__low_level_init         0xa00'277f    0x4  Code  Gb  low_level_init.o [5]
__vector_table           0xa00'0000         Data  Gb  startup_stm32u375xx.o [3]
_call_main               0xa00'276d         Code  Gb  cmain.o [7]
_exit                    0xa00'2789         Code  Gb  cexit.o [7]
aTxBuffer               0x2003'0000  0x100  Data  Gb  main.o [2]
exit                     0xa00'2783    0x4  Code  Gb  exit.o [5]
hxspi1                  0x2003'010c   0x60  Data  Gb  main.o [2]
main                     0xa00'0b45   0x56  Code  Gb  main.o [2]
uwTick                  0x2003'016c    0x4  Data  Gb  stm32u3xx_hal.o [4]
uwTickFreq              0x2003'0108    0x1  Data  Gb  stm32u3xx_hal.o [4]
uwTickPrio              0x2003'0100    0x4  Data  Gb  stm32u3xx_hal.o [4]


[1] = C:\WorkSpace\PY25Q64HA\EWARM\PY25Q64HA\Obj\CMSIS_6603591812247902717.dir
[2] = C:\WorkSpace\PY25Q64HA\EWARM\PY25Q64HA\Obj\Core_13247989168731456611.dir
[3] = C:\WorkSpace\PY25Q64HA\EWARM\PY25Q64HA\Obj\EWARM_18443280873093131863.dir
[4] = C:\WorkSpace\PY25Q64HA\EWARM\PY25Q64HA\Obj\STM32U3xx_HAL_Driver_10217621924548668335.dir
[5] = dl7M_tln.a
[6] = m7M_tls.a
[7] = rt7M_tl.a
[8] = shb_l.a

  10'586 bytes of readonly  code memory
     105 bytes of readonly  data memory
   1'389 bytes of readwrite data memory

Errors: none
Warnings: none
